// Jest Snapshot v1, https://goo.gl/fbAQLP

exports[`renders correctly and matches the snapshot 1`] = `
<footer>
  <div
    className="container"
  >
    <div
      className="row"
    >
      <div
        className="col"
      >
        <img
          alt="logo"
          src="Logo-footer.png"
          width="200"
        />
      </div>
      <div
        className="footer-info col"
      >
        <p>
          Privacy and Cookies
        </p>
        <p>
          Terms and Conditions
        </p>
        <h6>
          Follow us on social media:
        </h6>
        <div
          className="social-media"
        >
          <a
            href="https://www.twitter.com/"
          >
            <img
              alt="twitter"
              src="twitter.svg"
              width="25"
            />
          </a>
          <a
            href="https://www.linkedin.com/"
          >
            <img
              alt="twitter"
              src="linkedin.svg"
              width="25"
            />
          </a>
          <a
            href="https://www.instagram.com/"
          >
            <img
              alt="instagram"
              src="instagram.svg"
              width="25"
            />
          </a>
          <a
            href="https://www.facebook.com/"
          >
            <img
              alt="facebook"
              src="facebook.svg"
              width="25"
            />
          </a>
        </div>
      </div>
    </div>
  </div>
</footer>
`;
