// Jest Snapshot v1, https://goo.gl/fbAQLP

exports[`renders correctly and matches the snapshot 1`] = `
<div
  className="errorMessage"
>
  <img
    alt=""
    height="32"
    src="Patch-exclamation-fll.svg"
    title="Bootstrap"
    width="32"
  />
  <p>
    Invalid input value
  </p>
</div>
`;
