// Jest Snapshot v1, https://goo.gl/fbAQLP

exports[`renders correctly and matches the snapshot 1`] = `
<div
  className="justify-content-md-center violenceModal row"
>
  <button
    className="btn btn-primary"
    disabled={false}
    onClick={[Function]}
    type="button"
  >
    violenceTestPage.result
  </button>
</div>
`;
