// Jest Snapshot v1, https://goo.gl/fbAQLP

exports[`renders correctly and matches the snapshot 1`] = `
<div
  className="jobsTrainingSection"
>
  <div
    className="jobsTrainingHeader"
  >
    <h2>
      jobsTrainingPage.header
    </h2>
    <h6>
      jobsTrainingPage.subHeader
    </h6>
  </div>
  <div
    className="container"
  >
    <div
      className="row"
    >
      <div
        className="col-md-3"
      >
        <div>
          <button
            className="opportunityListBtn"
            disabled={true}
            onClick={[Function]}
            type="button"
          >
            jobsTrainingPage.buttons.jobOpportunities
          </button>
          <button
            className="opportunityListBtn"
            disabled={false}
            onClick={[Function]}
            type="button"
          >
            jobsTrainingPage.buttons.trainings
          </button>
        </div>
      </div>
      <div
        className="col-md-9"
      >
        <div
          className="row"
        >
          <div
            className="opportunities col"
          >
            <div
              className="postDate"
            />
            <div
              className="title"
            />
            <div
              className="description"
            />
            <span
              className="borderLine"
            />
            <div
              className="contactsDetails"
            >
              <div
                className="address"
              />
              <div
                className="nameOfOpportunityOwner"
              />
              <div
                className="phoneNumber"
              />
            </div>
          </div>
          <div
            className="opportunities col"
          >
            <div
              className="postDate"
            />
            <div
              className="title"
            />
            <div
              className="description"
            />
            <span
              className="borderLine"
            />
            <div
              className="contactsDetails"
            >
              <div
                className="address"
              />
              <div
                className="nameOfOpportunityOwner"
              />
              <div
                className="phoneNumber"
              />
            </div>
          </div>
        </div>
      </div>
    </div>
    <a
      href="/opportunities"
      onClick={[Function]}
    >
      <h6
        className="opportunitiesButton"
      >
        home.buttons.opportunitiesBtn
         
        <span>
          â†’
        </span>
      </h6>
    </a>
  </div>
</div>
`;
